// Jest Snapshot v1, https://goo.gl/fbAQLP

exports[`validate http source should require valid http root url 1`] = `"Requires valid url"`;

exports[`validate http source should require valid source http 1`] = `"Expected string, but was undefined"`;
