// Jest Snapshot v1, https://goo.gl/fbAQLP

exports[`validate Config should fail invalid config 1`] = `"Expected array, but was undefined"`;
