// Jest Snapshot v1, https://goo.gl/fbAQLP

exports[`validate Presets invalid should require presets 1`] = `"Expected { [_: string]: { steps: { $compress?: { quality?: number; lossy?: boolean; }; $crop?: { width?: number | { from_path: string; }; height?: number | { from_path: string; }; gravity?: (\\"center\\" | \\"face\\" | \\"north\\" | \\"northeast\\" | \\"east\\" | \\"southeast\\" | \\"south\\" | \\"southwest\\" | \\"west\\" | \\"northwest\\") | { from_path: string; }; }; $fill?: { width: number | { from_path: string; }; height: number | { from_path: string; }; } & { gravity?: (\\"center\\" | \\"face\\" | \\"north\\" | \\"northeast\\" | \\"east\\" | \\"southeast\\" | \\"south\\" | \\"southwest\\" | \\"west\\" | \\"northwest\\") | { from_path: string; }; }; $fit?: { width?: number | { from_path: string; }; height?: number | { from_path: string; }; }; $format?: { type: (\\"jpeg\\" | \\"png\\" | \\"gif\\" | \\"webp\\") | { from_path: string; }; }; $resize?: { width: number | { from_path: string; }; height: number | { from_path: string; }; }; $strip?: { icc_profile?: boolean; }; }[]; } }, but was null"`;

exports[`validate Presets invalid should throw on invalid presets 1`] = `"Expected array, but was undefined"`;

exports[`validate Presets invalid should throw on invalid presets 2`] = `"Expected array, but was object"`;

exports[`validate Presets invalid should throw on invalid presets 3`] = `"please no empty step"`;
