// Jest Snapshot v1, https://goo.gl/fbAQLP

exports[`validate Sources invalid should require sources 1`] = `"Expected array, but was object"`;

exports[`validate Sources invalid should require valid source 1`] = `"Expected { http: { root: string; }; } | { s3: { access_key_id: string; secret_access_key: string; region: string; bucket_name: string; path: string; } & { endpoint?: string; }; } | { volume: { root: string; }; }, but was object"`;

exports[`validate Sources invalid should require valid sources array 1`] = `"Expected array, but was object"`;

exports[`validate Sources invalid should throw on any other type of source 1`] = `"Expected { http: { root: string; }; } | { s3: { access_key_id: string; secret_access_key: string; region: string; bucket_name: string; path: string; } & { endpoint?: string; }; } | { volume: { root: string; }; }, but was object"`;
