// Jest Snapshot v1, https://goo.gl/fbAQLP

exports[`validate Step invalid no double operations in step 1`] = `"please only one operation per step"`;
