// Jest Snapshot v1, https://goo.gl/fbAQLP

exports[`Populate preset step params should populate params 1`] = `
Array [
  Object {
    "$crop": Object {
      "height": 200,
      "width": 200,
    },
  },
]
`;
