// Jest Snapshot v1, https://goo.gl/fbAQLP

exports[`Image missing in source should set status 404 1`] = `
Array [
  "Could not find image",
]
`;
