// Jest Snapshot v1, https://goo.gl/fbAQLP

exports[`should validate operations no double operations in step 1`] = `"presets.t_200.steps.[0]: please only one operation per step"`;
